[www.aditi-surana.com/index.html]
[backblue.gif]
[fade.gif]
[index.html]
[static1.squarespace.com/static/56a2c87ffd5d08f0c1bdd265/t/586eb747be6594236ee7c9e0/1483650889121/logocolor26f7.png]
[use.typekit.net/ik/pjBV1HjbynGEoCj4LEJdSzLdihGI4Ew8RqT2R1zj1tqfeTXffFHN4UJLFRbh52jhWD9hjQ4R52icZcbuZ2MtZRgRwA4qZ2JhFs7yMPG0jAsTieqlSamkjAoyOAs8Sh81dKoDSWmyScmDSeBRZPoRdhXCjAsTieqlSamkjAoyOAs8Sh81dKoDSWmyScmDS]
[www.aditi-surana.com/featuredcecb]
[assets.squarespace.com/universal/scripts-compressed/performance-dbf2ea7b298afd5ae79d-min.en-US.js]
[static1.squarespace.com/static/sitecss/56a2c87ffd5d08f0c1bdd265/207/55dccafee4b04b8e0d7b6d4d/586d84c003596e659c283a85/947-05142015/1496121134477/site8696.css]
[www.aditi-surana.com/about.html]
[www.aditi-surana.com/carbon-current.html]
[www.aditi-surana.com/pact.html]
[www.aditi-surana.com/trace.html]
[www.aditi-surana.com/only-human.html]
[www.aditi-surana.com/labyrinth.html]
[www.aditi-surana.com/totem.html]
[www.aditi-surana.com/index.html]
[static1.squarespace.com/static/ta/55dccaa0e4b0f748d9f6f215/947/scripts/site-bundle.js]
[assets.squarespace.com/universal/scripts-compressed/common-b9dd203a1cb3bba01059-min.en-US.js]
[assets.squarespace.com/universal/images-v6/damask/error-dark.png]
[assets.squarespace.com/universal/images-v6/damask/error-dark@2x.png]
[assets.squarespace.com/universal/images-v6/damask/play-button.png]
[assets.squarespace.com/universal/images-v6/damask/play-button@2x.png]
[static1.squarespace.com/static/sitecss/56a2c87ffd5d08f0c1bdd265/207/55dccafee4b04b8e0d7b6d4d/586d84c003596e659c283a85/947-05142015/1496121134477/gallery-play-big.css]
[static1.squarespace.com/static/sitecss/56a2c87ffd5d08f0c1bdd265/207/55dccafee4b04b8e0d7b6d4d/586d84c003596e659c283a85/947-05142015/1496121134477/gallery-play-big@2x.css]
[assets.squarespace.com/universal/images-v6/damask/edit-aviary-light.png]
[assets.squarespace.com/universal/images-v6/damask/edit-aviary-light@2x.png]
[assets.squarespace.com/universal/images-v6/damask/edit-info-light.png]
[assets.squarespace.com/universal/images-v6/damask/edit-info-light@2x.png]
[assets.squarespace.com/universal/images-v6/damask/trash-9-light.png]
[assets.squarespace.com/universal/images-v6/damask/trash-9-light@2x.png]
[assets.squarespace.com/universal/images-v6/damask/trash-9-red.png]
[assets.squarespace.com/universal/images-v6/damask/trash-9-red@2x.png]
[assets.squarespace.com/universal/images-v6/damask/getty-16-light.png]
[assets.squarespace.com/universal/images-v6/damask/getty-32-light.png]
[assets.squarespace.com/universal/images-v6/damask/shopping-cart-16-light.png]
[assets.squarespace.com/universal/images-v6/damask/shopping-cart-32-light.png]
[static1.squarespace.com/universal/images-v6/icons/block-indicator-dark.png]
[static1.squarespace.com/universal/images-v6/icons/block-indicator-dark@2x.png]
[static1.squarespace.com/universal/images-v6/icons/opentable-icons.png]
[static1.squarespace.com/universal/images-v6/icons/icon-searchqueries-20-dark.png]
[static1.squarespace.com/universal/images-v6/icons/icon-searchqueries-20-light.png]
[assets.squarespace.com/universal/images-v6/icons/icon-video-24-light-solid.png]
[static1.squarespace.com/universal/images-v6/damask/image-inside-64-dark.png]
[static1.squarespace.com/universal/images-v6/damask/image-inside-128-dark.png]
[assets.squarespace.com/universal/images-v6/standard/icon_close_7_light.png]
[assets.squarespace.com/universal/images-v6/icons/icon-settings-16-light.png]
[static1.squarespace.com/static/sitecss/56a2c87ffd5d08f0c1bdd265/207/55dccafee4b04b8e0d7b6d4d/586d84c003596e659c283a85/947-05142015/1496121134477/site8696.css]
[www.aditi-surana.com/assets/ui-icons.svg]
[www.aditi-surana.com/about.html]
[static1.squarespace.com/static/56a2c87ffd5d08f0c1bdd265/t/5885a982db29d6b295d9625e/1487606053012/Artboard.png]
[www.aditi-surana.com/_https_/player.vimeo.com/video/204651186.2dfbba.delayed]
[static1.squarespace.com/static/56a2c87ffd5d08f0c1bdd265/t/5885a3cc59cc684854bfb158/1485153236736/ut1.png]
[static1.squarespace.com/static/56a2c87ffd5d08f0c1bdd265/t/5885a997bf629a055af8ce3e/1485154712259/IMG-20161219-WA0001.jpg]
[static1.squarespace.com/static/56a2c87ffd5d08f0c1bdd265/t/58a7f77ce3df28bbc8600029/1487402881054/Screen+Shot+2017-02-18+at+1.22.14+AM.jpg]
[www.aditi-surana.com/carbon-current.html]
[static1.squarespace.com/static/56a2c87ffd5d08f0c1bdd265/t/589f6f2437c581e64b3f6f19/1486843706027/header.jpg]
[static1.squarespace.com/static/56a2c87ffd5d08f0c1bdd265/t/589f6995ebbd1a557df85309/1486842273712/Screen+Shot+2017-02-11+at+2.43.09+PM.png]
[static1.squarespace.com/static/56a2c87ffd5d08f0c1bdd265/t/589f68ec03596e1e0c9c0389/1486842118292/scenario.png]
[static1.squarespace.com/static/56a2c87ffd5d08f0c1bdd265/t/589f684bd1758ebeb9eafb47/1486841954820/pic4.png]
[static1.squarespace.com/static/56a2c87ffd5d08f0c1bdd265/t/589f67b09de4bbd20b91289a/1486841811757/final.png]
[www.aditi-surana.com/pact.html]
[www.aditi-surana.com/_/www.youtube.com/embed/lmlza-0b8y8.378344.delayed]
[www.aditi-surana.com/_/www.youtube.com/embed/LiLePt0dKtY.398344.delayed]
[www.aditi-surana.com/_/www.youtube.com/embed/mpJvjaEi87Q.3b8344.delayed]
[www.aditi-surana.com/trace.html]
[static1.squarespace.com/static/56a2c87ffd5d08f0c1bdd265/t/5884feddff7c5056578a64ca/1485111019532/1.png]
[static1.squarespace.com/static/56a2c87ffd5d08f0c1bdd265/5885244e197aea49bd530efb/5885244e9de4bb68c305b3b6/1485120593030/pic1.jpg]
[static1.squarespace.com/static/56a2c87ffd5d08f0c1bdd265/5885244e197aea49bd530efb/5885244ec534a576e1224622/1485120592877/pic2.jpg]
[static1.squarespace.com/static/56a2c87ffd5d08f0c1bdd265/5885244e197aea49bd530efb/5885244fb8a79be56f4149b6/1485120594106/pic3.jpg]
[www.aditi-surana.com/_/www.youtube.com/embed/ojCAfENbEPQ.418344.delayed]
[www.aditi-surana.com/only-human.html]
[static1.squarespace.com/static/56a2c87ffd5d08f0c1bdd265/t/589c8c9c2e69cf97194c8044/1486654639443/1.png]
[www.aditi-surana.com/_/www.youtube.com/embed/NqWtWoLHod8.448344.delayed]
[static1.squarespace.com/static/56a2c87ffd5d08f0c1bdd265/t/589c8d3fbe6594609135fa6f/1486659382558/img_63951.jpg]
[static1.squarespace.com/static/56a2c87ffd5d08f0c1bdd265/t/589c98039f7456ed1d20fbfc/1487462923954/2.jpg]
[static1.squarespace.com/static/56a2c87ffd5d08f0c1bdd265/t/589c9ecad482e9520056f3f2/1486659276676/4.jpg]
[www.aditi-surana.com/_https_/player.vimeo.com/video/168470631.49fbba.delayed]
[www.aditi-surana.com/labyrinth.html]
[static1.squarespace.com/static/56a2c87ffd5d08f0c1bdd265/t/58825efd579fb342c51d9f4c/1484939018163/Screen+Shot+2017-01-20+at+2.00.16+PM.png]
[static1.squarespace.com/static/56a2c87ffd5d08f0c1bdd265/t/58a8b164c534a5fdedb3b996/1487450489494/insp.png]
[static1.squarespace.com/static/56a2c87ffd5d08f0c1bdd265/t/58a9bd4f86e6c0c373985711/1487519058590/second.png]
[www.aditi-surana.com/_https_/player.vimeo.com/video/204776056.4efbba.delayed]
[www.aditi-surana.com/totem.html]
[static1.squarespace.com/static/sitecss/56a2c87ffd5d08f0c1bdd265/207/55dccafee4b04b8e0d7b6d4d/586d84c003596e659c283a85/947-05142015/1496121134477/gallery-play-big.css]
[static1.squarespace.com/static/sitecss/56a2c87ffd5d08f0c1bdd265/207/55dccafee4b04b8e0d7b6d4d/586d84c003596e659c283a85/947-05142015/1496121134477/gallery-play-big@2x.css]
[www.aditi-surana.com/_https_/player.vimeo.com/video/204651186f0ec.html]
[www.aditi-surana.com/_https_/player.vimeo.com/video/204651186fbba.html]
[www.aditi-surana.com/_/www.youtube.com/embed/lmlza-0b8y89ae1.html]
[www.aditi-surana.com/_/www.youtube.com/embed/lmlza-0b8y88344.html]
[www.aditi-surana.com/_/www.youtube.com/embed/LiLePt0dKtY9ae1.html]
[www.aditi-surana.com/_/www.youtube.com/embed/LiLePt0dKtY8344.html]
[www.aditi-surana.com/_/www.youtube.com/embed/mpJvjaEi87Q9ae1.html]
[www.aditi-surana.com/_/www.youtube.com/embed/mpJvjaEi87Q8344.html]
[www.aditi-surana.com/_/www.youtube.com/embed/ojCAfENbEPQ9ae1.html]
[www.aditi-surana.com/_/www.youtube.com/embed/ojCAfENbEPQ8344.html]
[www.aditi-surana.com/_/www.youtube.com/embed/NqWtWoLHod89ae1.html]
[www.aditi-surana.com/_/www.youtube.com/embed/NqWtWoLHod88344.html]
[www.aditi-surana.com/_https_/player.vimeo.com/video/168470631f0ec.html]
[www.aditi-surana.com/_https_/player.vimeo.com/video/168470631fbba.html]
[www.aditi-surana.com/_https_/player.vimeo.com/video/204776056f0ec.html]
[www.aditi-surana.com/_https_/player.vimeo.com/video/204776056fbba.html]
